Starting 'help1'...

Usage
  gulp task

Tasks
  help1 : 

Finished 'help1' after ?
