Starting 'help2'...

Usage
  gulp task [ option ... ]

Tasks
  help2 : 
    option : 

Finished 'help2' after ?
