Starting 'compile'...
>>> compile
Finished 'compile' after ?
Starting 'test'...
>>> test
Finished 'test' after ?
Starting 'all'...
Finished 'all' after ?
Starting 'default'...
Finished 'default' after ?
